Archive member included because of file (symbol)

c:/program files/gnu tools arm embedded/4.9 2015q1/bin/../lib/gcc/arm-none-eabi/4.9.3/../../../../arm-none-eabi/lib/armv7e-m\libc.a(lib_a-exit.o)
                              c:/program files/gnu tools arm embedded/4.9 2015q1/bin/../lib/gcc/arm-none-eabi/4.9.3/../../../../arm-none-eabi/lib/armv7e-m/crt0.o (exit)
c:/program files/gnu tools arm embedded/4.9 2015q1/bin/../lib/gcc/arm-none-eabi/4.9.3/../../../../arm-none-eabi/lib/armv7e-m\libc.a(lib_a-impure.o)
                              c:/program files/gnu tools arm embedded/4.9 2015q1/bin/../lib/gcc/arm-none-eabi/4.9.3/../../../../arm-none-eabi/lib/armv7e-m\libc.a(lib_a-exit.o) (_global_impure_ptr)
c:/program files/gnu tools arm embedded/4.9 2015q1/bin/../lib/gcc/arm-none-eabi/4.9.3/../../../../arm-none-eabi/lib/armv7e-m\libc.a(lib_a-init.o)
                              c:/program files/gnu tools arm embedded/4.9 2015q1/bin/../lib/gcc/arm-none-eabi/4.9.3/../../../../arm-none-eabi/lib/armv7e-m/crt0.o (__libc_init_array)
c:/program files/gnu tools arm embedded/4.9 2015q1/bin/../lib/gcc/arm-none-eabi/4.9.3/../../../../arm-none-eabi/lib/armv7e-m\libc.a(lib_a-memset.o)
                              c:/program files/gnu tools arm embedded/4.9 2015q1/bin/../lib/gcc/arm-none-eabi/4.9.3/../../../../arm-none-eabi/lib/armv7e-m/crt0.o (memset)
c:/program files/gnu tools arm embedded/4.9 2015q1/bin/../lib/gcc/arm-none-eabi/4.9.3/../../../../arm-none-eabi/lib/armv7e-m\libc.a(lib_a-__call_atexit.o)
                              c:/program files/gnu tools arm embedded/4.9 2015q1/bin/../lib/gcc/arm-none-eabi/4.9.3/../../../../arm-none-eabi/lib/armv7e-m\libc.a(lib_a-exit.o) (__call_exitprocs)
c:/program files/gnu tools arm embedded/4.9 2015q1/bin/../lib/gcc/arm-none-eabi/4.9.3/../../../../arm-none-eabi/lib/armv7e-m\libc.a(lib_a-atexit.o)
                              c:/program files/gnu tools arm embedded/4.9 2015q1/bin/../lib/gcc/arm-none-eabi/4.9.3/../../../../arm-none-eabi/lib/armv7e-m\libc.a(lib_a-__call_atexit.o) (atexit)
c:/program files/gnu tools arm embedded/4.9 2015q1/bin/../lib/gcc/arm-none-eabi/4.9.3/../../../../arm-none-eabi/lib/armv7e-m\libc.a(lib_a-fini.o)
                              c:/program files/gnu tools arm embedded/4.9 2015q1/bin/../lib/gcc/arm-none-eabi/4.9.3/../../../../arm-none-eabi/lib/armv7e-m\libc.a(lib_a-__call_atexit.o) (__libc_fini_array)
c:/program files/gnu tools arm embedded/4.9 2015q1/bin/../lib/gcc/arm-none-eabi/4.9.3/../../../../arm-none-eabi/lib/armv7e-m\libc.a(lib_a-__atexit.o)
                              c:/program files/gnu tools arm embedded/4.9 2015q1/bin/../lib/gcc/arm-none-eabi/4.9.3/../../../../arm-none-eabi/lib/armv7e-m\libc.a(lib_a-atexit.o) (__register_exitproc)

Discarded input sections

 .text          0x00000000        0x0 c:/program files/gnu tools arm embedded/4.9 2015q1/bin/../lib/gcc/arm-none-eabi/4.9.3/armv7e-m/crti.o
 .data          0x00000000        0x0 c:/program files/gnu tools arm embedded/4.9 2015q1/bin/../lib/gcc/arm-none-eabi/4.9.3/armv7e-m/crti.o
 .bss           0x00000000        0x0 c:/program files/gnu tools arm embedded/4.9 2015q1/bin/../lib/gcc/arm-none-eabi/4.9.3/armv7e-m/crti.o
 .data          0x00000000        0x4 c:/program files/gnu tools arm embedded/4.9 2015q1/bin/../lib/gcc/arm-none-eabi/4.9.3/armv7e-m/crtbegin.o
 .text          0x00000000       0x74 c:/program files/gnu tools arm embedded/4.9 2015q1/bin/../lib/gcc/arm-none-eabi/4.9.3/../../../../arm-none-eabi/lib/armv7e-m/crt0.o
 .data          0x00000000        0x0 c:/program files/gnu tools arm embedded/4.9 2015q1/bin/../lib/gcc/arm-none-eabi/4.9.3/../../../../arm-none-eabi/lib/armv7e-m/crt0.o
 .bss           0x00000000        0x0 c:/program files/gnu tools arm embedded/4.9 2015q1/bin/../lib/gcc/arm-none-eabi/4.9.3/../../../../arm-none-eabi/lib/armv7e-m/crt0.o
 .ARM.extab     0x00000000        0x0 c:/program files/gnu tools arm embedded/4.9 2015q1/bin/../lib/gcc/arm-none-eabi/4.9.3/../../../../arm-none-eabi/lib/armv7e-m/crt0.o
 .ARM.exidx     0x00000000        0x8 c:/program files/gnu tools arm embedded/4.9 2015q1/bin/../lib/gcc/arm-none-eabi/4.9.3/../../../../arm-none-eabi/lib/armv7e-m/crt0.o
 .ARM.attributes
                0x00000000       0x1c c:/program files/gnu tools arm embedded/4.9 2015q1/bin/../lib/gcc/arm-none-eabi/4.9.3/../../../../arm-none-eabi/lib/armv7e-m/crt0.o
 .text          0x00000000        0x0 c:/program files/gnu tools arm embedded/4.9 2015q1/bin/../lib/gcc/arm-none-eabi/4.9.3/../../../../arm-none-eabi/lib/armv7e-m\libc.a(lib_a-exit.o)
 .data          0x00000000        0x0 c:/program files/gnu tools arm embedded/4.9 2015q1/bin/../lib/gcc/arm-none-eabi/4.9.3/../../../../arm-none-eabi/lib/armv7e-m\libc.a(lib_a-exit.o)
 .bss           0x00000000        0x0 c:/program files/gnu tools arm embedded/4.9 2015q1/bin/../lib/gcc/arm-none-eabi/4.9.3/../../../../arm-none-eabi/lib/armv7e-m\libc.a(lib_a-exit.o)
 .text.exit     0x00000000       0x20 c:/program files/gnu tools arm embedded/4.9 2015q1/bin/../lib/gcc/arm-none-eabi/4.9.3/../../../../arm-none-eabi/lib/armv7e-m\libc.a(lib_a-exit.o)
 .debug_frame   0x00000000       0x28 c:/program files/gnu tools arm embedded/4.9 2015q1/bin/../lib/gcc/arm-none-eabi/4.9.3/../../../../arm-none-eabi/lib/armv7e-m\libc.a(lib_a-exit.o)
 .ARM.attributes
                0x00000000       0x2e c:/program files/gnu tools arm embedded/4.9 2015q1/bin/../lib/gcc/arm-none-eabi/4.9.3/../../../../arm-none-eabi/lib/armv7e-m\libc.a(lib_a-exit.o)
 .text          0x00000000        0x0 c:/program files/gnu tools arm embedded/4.9 2015q1/bin/../lib/gcc/arm-none-eabi/4.9.3/../../../../arm-none-eabi/lib/armv7e-m\libc.a(lib_a-impure.o)
 .data          0x00000000        0x0 c:/program files/gnu tools arm embedded/4.9 2015q1/bin/../lib/gcc/arm-none-eabi/4.9.3/../../../../arm-none-eabi/lib/armv7e-m\libc.a(lib_a-impure.o)
 .bss           0x00000000        0x0 c:/program files/gnu tools arm embedded/4.9 2015q1/bin/../lib/gcc/arm-none-eabi/4.9.3/../../../../arm-none-eabi/lib/armv7e-m\libc.a(lib_a-impure.o)
 .data._impure_ptr
                0x00000000        0x4 c:/program files/gnu tools arm embedded/4.9 2015q1/bin/../lib/gcc/arm-none-eabi/4.9.3/../../../../arm-none-eabi/lib/armv7e-m\libc.a(lib_a-impure.o)
 .ARM.attributes
                0x00000000       0x2e c:/program files/gnu tools arm embedded/4.9 2015q1/bin/../lib/gcc/arm-none-eabi/4.9.3/../../../../arm-none-eabi/lib/armv7e-m\libc.a(lib_a-impure.o)
 .text          0x00000000        0x0 c:/program files/gnu tools arm embedded/4.9 2015q1/bin/../lib/gcc/arm-none-eabi/4.9.3/../../../../arm-none-eabi/lib/armv7e-m\libc.a(lib_a-init.o)
 .data          0x00000000        0x0 c:/program files/gnu tools arm embedded/4.9 2015q1/bin/../lib/gcc/arm-none-eabi/4.9.3/../../../../arm-none-eabi/lib/armv7e-m\libc.a(lib_a-init.o)
 .bss           0x00000000        0x0 c:/program files/gnu tools arm embedded/4.9 2015q1/bin/../lib/gcc/arm-none-eabi/4.9.3/../../../../arm-none-eabi/lib/armv7e-m\libc.a(lib_a-init.o)
 .debug_frame   0x00000000       0x2c c:/program files/gnu tools arm embedded/4.9 2015q1/bin/../lib/gcc/arm-none-eabi/4.9.3/../../../../arm-none-eabi/lib/armv7e-m\libc.a(lib_a-init.o)
 .ARM.attributes
                0x00000000       0x2e c:/program files/gnu tools arm embedded/4.9 2015q1/bin/../lib/gcc/arm-none-eabi/4.9.3/../../../../arm-none-eabi/lib/armv7e-m\libc.a(lib_a-init.o)
 .text          0x00000000        0x0 c:/program files/gnu tools arm embedded/4.9 2015q1/bin/../lib/gcc/arm-none-eabi/4.9.3/../../../../arm-none-eabi/lib/armv7e-m\libc.a(lib_a-memset.o)
 .data          0x00000000        0x0 c:/program files/gnu tools arm embedded/4.9 2015q1/bin/../lib/gcc/arm-none-eabi/4.9.3/../../../../arm-none-eabi/lib/armv7e-m\libc.a(lib_a-memset.o)
 .bss           0x00000000        0x0 c:/program files/gnu tools arm embedded/4.9 2015q1/bin/../lib/gcc/arm-none-eabi/4.9.3/../../../../arm-none-eabi/lib/armv7e-m\libc.a(lib_a-memset.o)
 .text.memset   0x00000000       0x9c c:/program files/gnu tools arm embedded/4.9 2015q1/bin/../lib/gcc/arm-none-eabi/4.9.3/../../../../arm-none-eabi/lib/armv7e-m\libc.a(lib_a-memset.o)
 .debug_frame   0x00000000       0x34 c:/program files/gnu tools arm embedded/4.9 2015q1/bin/../lib/gcc/arm-none-eabi/4.9.3/../../../../arm-none-eabi/lib/armv7e-m\libc.a(lib_a-memset.o)
 .ARM.attributes
                0x00000000       0x2e c:/program files/gnu tools arm embedded/4.9 2015q1/bin/../lib/gcc/arm-none-eabi/4.9.3/../../../../arm-none-eabi/lib/armv7e-m\libc.a(lib_a-memset.o)
 .text          0x00000000        0x0 c:/program files/gnu tools arm embedded/4.9 2015q1/bin/../lib/gcc/arm-none-eabi/4.9.3/../../../../arm-none-eabi/lib/armv7e-m\libc.a(lib_a-__call_atexit.o)
 .data          0x00000000        0x0 c:/program files/gnu tools arm embedded/4.9 2015q1/bin/../lib/gcc/arm-none-eabi/4.9.3/../../../../arm-none-eabi/lib/armv7e-m\libc.a(lib_a-__call_atexit.o)
 .bss           0x00000000        0x0 c:/program files/gnu tools arm embedded/4.9 2015q1/bin/../lib/gcc/arm-none-eabi/4.9.3/../../../../arm-none-eabi/lib/armv7e-m\libc.a(lib_a-__call_atexit.o)
 .text.__call_exitprocs
                0x00000000       0xd4 c:/program files/gnu tools arm embedded/4.9 2015q1/bin/../lib/gcc/arm-none-eabi/4.9.3/../../../../arm-none-eabi/lib/armv7e-m\libc.a(lib_a-__call_atexit.o)
 .debug_frame   0x00000000       0x50 c:/program files/gnu tools arm embedded/4.9 2015q1/bin/../lib/gcc/arm-none-eabi/4.9.3/../../../../arm-none-eabi/lib/armv7e-m\libc.a(lib_a-__call_atexit.o)
 .ARM.attributes
                0x00000000       0x2e c:/program files/gnu tools arm embedded/4.9 2015q1/bin/../lib/gcc/arm-none-eabi/4.9.3/../../../../arm-none-eabi/lib/armv7e-m\libc.a(lib_a-__call_atexit.o)
 .text          0x00000000        0x0 c:/program files/gnu tools arm embedded/4.9 2015q1/bin/../lib/gcc/arm-none-eabi/4.9.3/../../../../arm-none-eabi/lib/armv7e-m\libc.a(lib_a-atexit.o)
 .data          0x00000000        0x0 c:/program files/gnu tools arm embedded/4.9 2015q1/bin/../lib/gcc/arm-none-eabi/4.9.3/../../../../arm-none-eabi/lib/armv7e-m\libc.a(lib_a-atexit.o)
 .bss           0x00000000        0x0 c:/program files/gnu tools arm embedded/4.9 2015q1/bin/../lib/gcc/arm-none-eabi/4.9.3/../../../../arm-none-eabi/lib/armv7e-m\libc.a(lib_a-atexit.o)
 .debug_frame   0x00000000       0x20 c:/program files/gnu tools arm embedded/4.9 2015q1/bin/../lib/gcc/arm-none-eabi/4.9.3/../../../../arm-none-eabi/lib/armv7e-m\libc.a(lib_a-atexit.o)
 .ARM.attributes
                0x00000000       0x2e c:/program files/gnu tools arm embedded/4.9 2015q1/bin/../lib/gcc/arm-none-eabi/4.9.3/../../../../arm-none-eabi/lib/armv7e-m\libc.a(lib_a-atexit.o)
 .text          0x00000000        0x0 c:/program files/gnu tools arm embedded/4.9 2015q1/bin/../lib/gcc/arm-none-eabi/4.9.3/../../../../arm-none-eabi/lib/armv7e-m\libc.a(lib_a-fini.o)
 .data          0x00000000        0x0 c:/program files/gnu tools arm embedded/4.9 2015q1/bin/../lib/gcc/arm-none-eabi/4.9.3/../../../../arm-none-eabi/lib/armv7e-m\libc.a(lib_a-fini.o)
 .bss           0x00000000        0x0 c:/program files/gnu tools arm embedded/4.9 2015q1/bin/../lib/gcc/arm-none-eabi/4.9.3/../../../../arm-none-eabi/lib/armv7e-m\libc.a(lib_a-fini.o)
 .debug_frame   0x00000000       0x34 c:/program files/gnu tools arm embedded/4.9 2015q1/bin/../lib/gcc/arm-none-eabi/4.9.3/../../../../arm-none-eabi/lib/armv7e-m\libc.a(lib_a-fini.o)
 .ARM.attributes
                0x00000000       0x2e c:/program files/gnu tools arm embedded/4.9 2015q1/bin/../lib/gcc/arm-none-eabi/4.9.3/../../../../arm-none-eabi/lib/armv7e-m\libc.a(lib_a-fini.o)
 .text          0x00000000        0x0 c:/program files/gnu tools arm embedded/4.9 2015q1/bin/../lib/gcc/arm-none-eabi/4.9.3/../../../../arm-none-eabi/lib/armv7e-m\libc.a(lib_a-__atexit.o)
 .data          0x00000000        0x0 c:/program files/gnu tools arm embedded/4.9 2015q1/bin/../lib/gcc/arm-none-eabi/4.9.3/../../../../arm-none-eabi/lib/armv7e-m\libc.a(lib_a-__atexit.o)
 .bss           0x00000000        0x0 c:/program files/gnu tools arm embedded/4.9 2015q1/bin/../lib/gcc/arm-none-eabi/4.9.3/../../../../arm-none-eabi/lib/armv7e-m\libc.a(lib_a-__atexit.o)
 .debug_frame   0x00000000       0x34 c:/program files/gnu tools arm embedded/4.9 2015q1/bin/../lib/gcc/arm-none-eabi/4.9.3/../../../../arm-none-eabi/lib/armv7e-m\libc.a(lib_a-__atexit.o)
 .ARM.attributes
                0x00000000       0x2e c:/program files/gnu tools arm embedded/4.9 2015q1/bin/../lib/gcc/arm-none-eabi/4.9.3/../../../../arm-none-eabi/lib/armv7e-m\libc.a(lib_a-__atexit.o)
 .text          0x00000000        0x0 ..\obj\assembly.o
 .data          0x00000000        0x0 ..\obj\assembly.o
 .bss           0x00000000        0x0 ..\obj\assembly.o
 .data          0x00000000        0x0 ..\obj\ButtonSM.o
 .bss           0x00000000        0x0 ..\obj\ButtonSM.o
 .data          0x00000000        0x0 ..\obj\stm32f4xx_hal_cortex.o
 .bss           0x00000000        0x0 ..\obj\stm32f4xx_hal_cortex.o
 .data          0x00000000        0x0 ..\obj\Button.o
 .bss           0x00000000        0x0 ..\obj\Button.o
 .bss           0x00000000        0x0 ..\obj\system_stm32f4xx.o
 .data          0x00000000        0x0 ..\obj\stm32f4xx_hal.o
 .text          0x00000000     0x3f3c ..\obj\stm32f4xx_hal_tim.o
 .data          0x00000000        0x0 ..\obj\stm32f4xx_hal_tim.o
 .bss           0x00000000        0x0 ..\obj\stm32f4xx_hal_tim.o
 .debug_info    0x00000000     0x215e ..\obj\stm32f4xx_hal_tim.o
 .debug_abbrev  0x00000000      0x204 ..\obj\stm32f4xx_hal_tim.o
 .debug_aranges
                0x00000000       0x20 ..\obj\stm32f4xx_hal_tim.o
 .debug_line    0x00000000      0xf0b ..\obj\stm32f4xx_hal_tim.o
 .debug_str     0x00000000     0x13b5 ..\obj\stm32f4xx_hal_tim.o
 .comment       0x00000000       0x71 ..\obj\stm32f4xx_hal_tim.o
 .debug_frame   0x00000000      0xfd0 ..\obj\stm32f4xx_hal_tim.o
 .ARM.attributes
                0x00000000       0x33 ..\obj\stm32f4xx_hal_tim.o
 .data          0x00000000        0x0 ..\obj\Time.o
 .data          0x00000000        0x0 ..\obj\stm32f4xx_it.o
 .bss           0x00000000        0x0 ..\obj\stm32f4xx_it.o
 .data          0x00000000        0x0 ..\obj\stm32f4xx_hal_gpio.o
 .bss           0x00000000        0x0 ..\obj\stm32f4xx_hal_gpio.o
 .data          0x00000000        0x0 ..\obj\LedSM.o
 .bss           0x00000000        0x0 ..\obj\LedSM.o
 .data          0x00000000        0x0 ..\obj\stm32f4xx_hal_rcc.o
 .bss           0x00000000        0x0 ..\obj\stm32f4xx_hal_rcc.o
 .text          0x00000000       0x14 ..\obj\startup_stm32f429xx.o
 .data          0x00000000        0x0 ..\obj\startup_stm32f429xx.o
 .bss           0x00000000        0x0 ..\obj\startup_stm32f429xx.o
 .text          0x00000000        0x0 ..\obj\Message.o
 .data          0x00000000        0x0 ..\obj\Message.o
 .data          0x00000000        0x0 ..\obj\main.o
 .bss           0x00000000        0x0 ..\obj\main.o
 .text          0x00000000        0x0 c:/program files/gnu tools arm embedded/4.9 2015q1/bin/../lib/gcc/arm-none-eabi/4.9.3/armv7e-m/crtend.o
 .data          0x00000000        0x0 c:/program files/gnu tools arm embedded/4.9 2015q1/bin/../lib/gcc/arm-none-eabi/4.9.3/armv7e-m/crtend.o
 .bss           0x00000000        0x0 c:/program files/gnu tools arm embedded/4.9 2015q1/bin/../lib/gcc/arm-none-eabi/4.9.3/armv7e-m/crtend.o
 .eh_frame      0x00000000        0x4 c:/program files/gnu tools arm embedded/4.9 2015q1/bin/../lib/gcc/arm-none-eabi/4.9.3/armv7e-m/crtend.o
 .jcr           0x00000000        0x4 c:/program files/gnu tools arm embedded/4.9 2015q1/bin/../lib/gcc/arm-none-eabi/4.9.3/armv7e-m/crtend.o
 .ARM.attributes
                0x00000000       0x2e c:/program files/gnu tools arm embedded/4.9 2015q1/bin/../lib/gcc/arm-none-eabi/4.9.3/armv7e-m/crtend.o
 .text          0x00000000        0x0 c:/program files/gnu tools arm embedded/4.9 2015q1/bin/../lib/gcc/arm-none-eabi/4.9.3/armv7e-m/crtn.o
 .data          0x00000000        0x0 c:/program files/gnu tools arm embedded/4.9 2015q1/bin/../lib/gcc/arm-none-eabi/4.9.3/armv7e-m/crtn.o
 .bss           0x00000000        0x0 c:/program files/gnu tools arm embedded/4.9 2015q1/bin/../lib/gcc/arm-none-eabi/4.9.3/armv7e-m/crtn.o

Memory Configuration

Name             Origin             Length             Attributes
FLASH            0x08000000         0x00100000         xr
RAM              0x20000000         0x00020000         xrw
CCMRAM           0x10000000         0x00010000         rw
*default*        0x00000000         0xffffffff

Linker script and memory map

LOAD c:/program files/gnu tools arm embedded/4.9 2015q1/bin/../lib/gcc/arm-none-eabi/4.9.3/armv7e-m/crti.o
LOAD c:/program files/gnu tools arm embedded/4.9 2015q1/bin/../lib/gcc/arm-none-eabi/4.9.3/armv7e-m/crtbegin.o
LOAD c:/program files/gnu tools arm embedded/4.9 2015q1/bin/../lib/gcc/arm-none-eabi/4.9.3/../../../../arm-none-eabi/lib/armv7e-m/crt0.o
                0x2001ffff                _estack = 0x2001ffff
                0x00000200                _Min_Heap_Size = 0x200
                0x00000400                _Min_Stack_Size = 0x400

.isr_vector     0x08000000      0x1ac
                0x08000000                . = ALIGN (0x4)
 *(.isr_vector)
 .isr_vector    0x08000000      0x1ac ..\obj\startup_stm32f429xx.o
                0x08000000                g_pfnVectors
                0x080001ac                . = ALIGN (0x4)

.text           0x080001ac     0x2478
                0x080001ac                . = ALIGN (0x4)
 *(.text)
 .text          0x080001ac       0x5c c:/program files/gnu tools arm embedded/4.9 2015q1/bin/../lib/gcc/arm-none-eabi/4.9.3/armv7e-m/crtbegin.o
 .text          0x08000208       0x74 ..\obj\ButtonSM.o
                0x08000208                buttonInitData
                0x08000220                buttonSM
 .text          0x0800027c      0x544 ..\obj\stm32f4xx_hal_cortex.o
                0x08000610                HAL_NVIC_SetPriorityGrouping
                0x08000624                HAL_NVIC_SetPriority
                0x0800065c                HAL_NVIC_EnableIRQ
                0x08000678                HAL_NVIC_DisableIRQ
                0x08000694                HAL_NVIC_SystemReset
                0x080006a0                HAL_SYSTICK_Config
                0x080006b8                HAL_NVIC_GetPriorityGrouping
                0x080006c8                HAL_NVIC_GetPriority
                0x080006f8                HAL_NVIC_SetPendingIRQ
                0x08000714                HAL_NVIC_GetPendingIRQ
                0x08000734                HAL_NVIC_ClearPendingIRQ
                0x08000750                HAL_NVIC_GetActive
                0x08000770                HAL_SYSTICK_CLKSourceConfig
                0x080007a8                HAL_SYSTICK_IRQHandler
                0x080007b4                HAL_SYSTICK_Callback
 .text          0x080007c0       0x2c ..\obj\Button.o
                0x080007c0                initUserButton
 .text          0x080007ec      0x154 ..\obj\system_stm32f4xx.o
                0x080007ec                SystemInit
                0x08000848                SystemCoreClockUpdate
 .text          0x08000940      0x368 ..\obj\stm32f4xx_hal.o
                0x08000940                HAL_Init
                0x08000978                HAL_DeInit
                0x080009d0                HAL_MspInit
                0x080009dc                HAL_MspDeInit
                0x080009e8                HAL_InitTick
                0x08000a20                HAL_IncTick
                0x08000a3c                HAL_GetTick
                0x08000a54                HAL_Delay
                0x08000a80                HAL_SuspendTick
                0x08000a9c                HAL_ResumeTick
                0x08000ab8                HAL_GetHalVersion
                0x08000acc                HAL_GetREVID
                0x08000ae4                HAL_GetDEVID
                0x08000b00                HAL_DBGMCU_EnableDBGSleepMode
                0x08000b1c                HAL_DBGMCU_DisableDBGSleepMode
                0x08000b38                HAL_DBGMCU_EnableDBGStopMode
                0x08000b54                HAL_DBGMCU_DisableDBGStopMode
                0x08000b70                HAL_DBGMCU_EnableDBGStandbyMode
                0x08000b8c                HAL_DBGMCU_DisableDBGStandbyMode
                0x08000ba8                HAL_EnableCompensationCell
                0x08000be8                HAL_DisableCompensationCell
                0x08000c28                HAL_EnableMemorySwappingBank
                0x08000c68                HAL_DisableMemorySwappingBank
 .text          0x08000ca8       0xb0 ..\obj\Time.o
                0x08000ca8                updateTime
                0x08000ce0                getCurrentTime
                0x08000cf0                delay
                0x08000d24                isTimerExpire
 .text          0x08000d58       0x5c ..\obj\stm32f4xx_it.o
                0x08000d58                NMI_Handler
                0x08000d64                HardFault_Handler
                0x08000d6c                MemManage_Handler
                0x08000d74                BusFault_Handler
                0x08000d7c                UsageFault_Handler
                0x08000d84                SVC_Handler
                0x08000d90                DebugMon_Handler
                0x08000d9c                PendSV_Handler
                0x08000da8                SysTick_Handler
 .text          0x08000db4      0x674 ..\obj\stm32f4xx_hal_gpio.o
                0x08000db4                HAL_GPIO_Init
                0x080010fc                HAL_GPIO_DeInit
                0x08001310                HAL_GPIO_ReadPin
                0x08001340                HAL_GPIO_WritePin
                0x08001370                HAL_GPIO_TogglePin
                0x08001394                HAL_GPIO_LockPin
                0x080013e4                HAL_GPIO_EXTI_IRQHandler
                0x08001414                HAL_GPIO_EXTI_Callback
 .text          0x08001428      0x120 ..\obj\LedSM.o
                0x08001428                ledInitData
                0x08001448                ledSM
 .text          0x08001548      0xd74 ..\obj\stm32f4xx_hal_rcc.o
                0x08001548                HAL_RCC_DeInit
                0x080015c0                HAL_RCC_OscConfig
                0x08001a78                HAL_RCC_ClockConfig
                0x08001d94                HAL_RCC_MCOConfig
                0x08001e58                HAL_RCC_EnableCSS
                0x08001e70                HAL_RCC_DisableCSS
                0x08001e88                HAL_RCC_GetSysClockFreq
                0x08001fa0                HAL_RCC_GetHCLKFreq
                0x08001ff8                HAL_RCC_GetPCLK1Freq
                0x08002044                HAL_RCC_GetPCLK2Freq
                0x08002090                HAL_RCC_GetOscConfig
                0x0800222c                HAL_RCC_GetClockConfig
                0x0800228c                HAL_RCC_NMI_IRQHandler
                0x080022b0                HAL_RCC_CSSCallback
 .text          0x080022bc      0x198 ..\obj\main.o
                0x08002354                dummy
                0x08002370                main
                0x0800242c                initSysTick
 *(.text*)
 .text.__libc_init_array
                0x08002454       0x50 c:/program files/gnu tools arm embedded/4.9 2015q1/bin/../lib/gcc/arm-none-eabi/4.9.3/../../../../arm-none-eabi/lib/armv7e-m\libc.a(lib_a-init.o)
                0x08002454                __libc_init_array
 .text.startup.register_fini
                0x080024a4       0x14 c:/program files/gnu tools arm embedded/4.9 2015q1/bin/../lib/gcc/arm-none-eabi/4.9.3/../../../../arm-none-eabi/lib/armv7e-m\libc.a(lib_a-__call_atexit.o)
 .text.atexit   0x080024b8        0xc c:/program files/gnu tools arm embedded/4.9 2015q1/bin/../lib/gcc/arm-none-eabi/4.9.3/../../../../arm-none-eabi/lib/armv7e-m\libc.a(lib_a-atexit.o)
                0x080024b8                atexit
 .text.__libc_fini_array
                0x080024c4       0x2c c:/program files/gnu tools arm embedded/4.9 2015q1/bin/../lib/gcc/arm-none-eabi/4.9.3/../../../../arm-none-eabi/lib/armv7e-m\libc.a(lib_a-fini.o)
                0x080024c4                __libc_fini_array
 .text.__register_exitproc
                0x080024f0       0xa4 c:/program files/gnu tools arm embedded/4.9 2015q1/bin/../lib/gcc/arm-none-eabi/4.9.3/../../../../arm-none-eabi/lib/armv7e-m\libc.a(lib_a-__atexit.o)
                0x080024f0                __register_exitproc
 .text.testFunc
                0x08002594       0x24 ..\obj\assembly.o
                0x08002594                testFunc
 .text.Reset_Handler
                0x080025b8       0x50 ..\obj\startup_stm32f429xx.o
                0x080025b8                Reset_Handler
 .text.Default_Handler
                0x08002608        0x2 ..\obj\startup_stm32f429xx.o
                0x08002608                RTC_Alarm_IRQHandler
                0x08002608                HASH_RNG_IRQHandler
                0x08002608                EXTI2_IRQHandler
                0x08002608                TIM8_CC_IRQHandler
                0x08002608                UART8_IRQHandler
                0x08002608                SPI4_IRQHandler
                0x08002608                TIM1_CC_IRQHandler
                0x08002608                DMA2_Stream5_IRQHandler
                0x08002608                DMA1_Stream5_IRQHandler
                0x08002608                PVD_IRQHandler
                0x08002608                SDIO_IRQHandler
                0x08002608                TAMP_STAMP_IRQHandler
                0x08002608                CAN2_RX1_IRQHandler
                0x08002608                EXTI3_IRQHandler
                0x08002608                TIM8_TRG_COM_TIM14_IRQHandler
                0x08002608                TIM1_UP_TIM10_IRQHandler
                0x08002608                TIM8_UP_TIM13_IRQHandler
                0x08002608                I2C3_ER_IRQHandler
                0x08002608                EXTI0_IRQHandler
                0x08002608                I2C2_EV_IRQHandler
                0x08002608                DMA1_Stream2_IRQHandler
                0x08002608                CAN1_RX0_IRQHandler
                0x08002608                FPU_IRQHandler
                0x08002608                OTG_HS_WKUP_IRQHandler
                0x08002608                LTDC_ER_IRQHandler
                0x08002608                CAN2_SCE_IRQHandler
                0x08002608                DMA2_Stream2_IRQHandler
                0x08002608                SPI1_IRQHandler
                0x08002608                TIM6_DAC_IRQHandler
                0x08002608                TIM1_BRK_TIM9_IRQHandler
                0x08002608                DCMI_IRQHandler
                0x08002608                CAN2_RX0_IRQHandler
                0x08002608                DMA2_Stream3_IRQHandler
                0x08002608                USART6_IRQHandler
                0x08002608                USART3_IRQHandler
                0x08002608                CAN1_RX1_IRQHandler
                0x08002608                UART5_IRQHandler
                0x08002608                DMA2_Stream0_IRQHandler
                0x08002608                TIM4_IRQHandler
                0x08002608                I2C1_EV_IRQHandler
                0x08002608                DMA1_Stream6_IRQHandler
                0x08002608                DMA1_Stream1_IRQHandler
                0x08002608                UART4_IRQHandler
                0x08002608                TIM3_IRQHandler
                0x08002608                RCC_IRQHandler
                0x08002608                TIM8_BRK_TIM12_IRQHandler
                0x08002608                Default_Handler
                0x08002608                EXTI15_10_IRQHandler
                0x08002608                ADC_IRQHandler
                0x08002608                DMA1_Stream7_IRQHandler
                0x08002608                SPI5_IRQHandler
                0x08002608                TIM7_IRQHandler
                0x08002608                CAN2_TX_IRQHandler
                0x08002608                TIM5_IRQHandler
                0x08002608                DMA2_Stream7_IRQHandler
                0x08002608                I2C3_EV_IRQHandler
                0x08002608                EXTI9_5_IRQHandler
                0x08002608                RTC_WKUP_IRQHandler
                0x08002608                LTDC_IRQHandler
                0x08002608                ETH_WKUP_IRQHandler
                0x08002608                SPI2_IRQHandler
                0x08002608                OTG_HS_EP1_IN_IRQHandler
                0x08002608                DMA1_Stream0_IRQHandler
                0x08002608                CAN1_TX_IRQHandler
                0x08002608                EXTI4_IRQHandler
                0x08002608                ETH_IRQHandler
                0x08002608                OTG_HS_EP1_OUT_IRQHandler
                0x08002608                WWDG_IRQHandler
                0x08002608                SPI6_IRQHandler
                0x08002608                TIM2_IRQHandler
                0x08002608                OTG_FS_WKUP_IRQHandler
                0x08002608                TIM1_TRG_COM_TIM11_IRQHandler
                0x08002608                OTG_HS_IRQHandler
                0x08002608                DMA2D_IRQHandler
                0x08002608                EXTI1_IRQHandler
                0x08002608                UART7_IRQHandler
                0x08002608                USART2_IRQHandler
                0x08002608                I2C2_ER_IRQHandler
                0x08002608                DMA2_Stream1_IRQHandler
                0x08002608                CAN1_SCE_IRQHandler
                0x08002608                FLASH_IRQHandler
                0x08002608                DMA2_Stream4_IRQHandler
                0x08002608                USART1_IRQHandler
                0x08002608                OTG_FS_IRQHandler
                0x08002608                SPI3_IRQHandler
                0x08002608                DMA1_Stream4_IRQHandler
                0x08002608                I2C1_ER_IRQHandler
                0x08002608                FMC_IRQHandler
                0x08002608                DMA2_Stream6_IRQHandler
                0x08002608                SAI1_IRQHandler
                0x08002608                DMA1_Stream3_IRQHandler
 *(.glue_7)
 .glue_7        0x00000000        0x0 linker stubs
 *(.glue_7t)
 .glue_7t       0x00000000        0x0 linker stubs
 *(.eh_frame)
 *fill*         0x0800260a        0x2 
 .eh_frame      0x0800260c        0x0 c:/program files/gnu tools arm embedded/4.9 2015q1/bin/../lib/gcc/arm-none-eabi/4.9.3/armv7e-m/crtbegin.o
 *(.init)
 .init          0x0800260c        0x4 c:/program files/gnu tools arm embedded/4.9 2015q1/bin/../lib/gcc/arm-none-eabi/4.9.3/armv7e-m/crti.o
                0x0800260c                _init
 .init          0x08002610        0x8 c:/program files/gnu tools arm embedded/4.9 2015q1/bin/../lib/gcc/arm-none-eabi/4.9.3/armv7e-m/crtn.o
 *(.fini)
 .fini          0x08002618        0x4 c:/program files/gnu tools arm embedded/4.9 2015q1/bin/../lib/gcc/arm-none-eabi/4.9.3/armv7e-m/crti.o
                0x08002618                _fini
 .fini          0x0800261c        0x8 c:/program files/gnu tools arm embedded/4.9 2015q1/bin/../lib/gcc/arm-none-eabi/4.9.3/armv7e-m/crtn.o
                0x08002624                . = ALIGN (0x4)
                0x08002624                _etext = .

.vfp11_veneer   0x08002624        0x0
 .vfp11_veneer  0x00000000        0x0 linker stubs

.v4_bx          0x08002624        0x0
 .v4_bx         0x00000000        0x0 linker stubs

.iplt           0x08002624        0x0
 .iplt          0x00000000        0x0 c:/program files/gnu tools arm embedded/4.9 2015q1/bin/../lib/gcc/arm-none-eabi/4.9.3/armv7e-m/crtbegin.o

.rodata         0x08002624       0x18
                0x08002624                . = ALIGN (0x4)
 *(.rodata)
 .rodata        0x08002624       0x10 ..\obj\stm32f4xx_hal_rcc.o
                0x08002624                APBAHBPrescTable
 *(.rodata*)
 .rodata.str1.4
                0x08002634        0x4 c:/program files/gnu tools arm embedded/4.9 2015q1/bin/../lib/gcc/arm-none-eabi/4.9.3/../../../../arm-none-eabi/lib/armv7e-m\libc.a(lib_a-impure.o)
 .rodata._global_impure_ptr
                0x08002638        0x4 c:/program files/gnu tools arm embedded/4.9 2015q1/bin/../lib/gcc/arm-none-eabi/4.9.3/../../../../arm-none-eabi/lib/armv7e-m\libc.a(lib_a-impure.o)
                0x08002638                _global_impure_ptr
                0x0800263c                . = ALIGN (0x4)

.rel.dyn        0x0800263c        0x0
 .rel.iplt      0x00000000        0x0 c:/program files/gnu tools arm embedded/4.9 2015q1/bin/../lib/gcc/arm-none-eabi/4.9.3/armv7e-m/crtbegin.o

.ARM.extab
 *(.ARM.extab* .gnu.linkonce.armextab.*)

.ARM            0x0800263c        0x0
                0x0800263c                __exidx_start = .
 *(.ARM.exidx*)
                0x0800263c                __exidx_end = .

.preinit_array  0x0800263c        0x0
                0x0800263c                PROVIDE (__preinit_array_start, .)
 *(.preinit_array*)
                0x0800263c                PROVIDE (__preinit_array_end, .)

.init_array     0x0800263c        0x8
                0x0800263c                PROVIDE (__init_array_start, .)
 *(SORT(.init_array.*))
 .init_array.00000
                0x0800263c        0x4 c:/program files/gnu tools arm embedded/4.9 2015q1/bin/../lib/gcc/arm-none-eabi/4.9.3/../../../../arm-none-eabi/lib/armv7e-m\libc.a(lib_a-__call_atexit.o)
 *(.init_array*)
 .init_array    0x08002640        0x4 c:/program files/gnu tools arm embedded/4.9 2015q1/bin/../lib/gcc/arm-none-eabi/4.9.3/armv7e-m/crtbegin.o
                0x08002644                PROVIDE (__init_array_end, .)

.fini_array     0x08002644        0x4
                0x08002644                PROVIDE (__fini_array_start, .)
 *(SORT(.fini_array.*))
 *(.fini_array*)
 .fini_array    0x08002644        0x4 c:/program files/gnu tools arm embedded/4.9 2015q1/bin/../lib/gcc/arm-none-eabi/4.9.3/armv7e-m/crtbegin.o
                0x08002648                PROVIDE (__fini_array_end, .)
                0x08002648                _sidata = LOADADDR (.data)

.data           0x20000000      0x440 load address 0x08002648
                0x20000000                . = ALIGN (0x4)
                0x20000000                _sdata = .
 *(.data)
 .data          0x20000000       0x14 ..\obj\system_stm32f4xx.o
                0x20000000                SystemCoreClock
                0x20000004                AHBPrescTable
 *(.data*)
 *fill*         0x20000014        0x4 
 .data.impure_data
                0x20000018      0x428 c:/program files/gnu tools arm embedded/4.9 2015q1/bin/../lib/gcc/arm-none-eabi/4.9.3/../../../../arm-none-eabi/lib/armv7e-m\libc.a(lib_a-impure.o)
                0x20000440                . = ALIGN (0x4)
                0x20000440                _edata = .
                0x08002a88                _siccmram = LOADADDR (.ccmram)

.jcr            0x20000440        0x0 load address 0x08002a88
 .jcr           0x20000440        0x0 c:/program files/gnu tools arm embedded/4.9 2015q1/bin/../lib/gcc/arm-none-eabi/4.9.3/armv7e-m/crtbegin.o

.igot.plt       0x20000440        0x0 load address 0x08002a88
 .igot.plt      0x00000000        0x0 c:/program files/gnu tools arm embedded/4.9 2015q1/bin/../lib/gcc/arm-none-eabi/4.9.3/armv7e-m/crtbegin.o

.ccmram         0x10000000        0x0 load address 0x08002a88
                0x10000000                . = ALIGN (0x4)
                0x10000000                _sccmram = .
 *(.ccmram)
 *(.ccmram*)
                0x10000000                . = ALIGN (0x4)
                0x10000000                _eccmram = .
                0x10000000                . = ALIGN (0x4)

.bss            0x20000440       0x30
                0x20000440                _sbss = .
                0x20000440                __bss_start__ = _sbss
 *(.bss)
 .bss           0x20000440       0x1c c:/program files/gnu tools arm embedded/4.9 2015q1/bin/../lib/gcc/arm-none-eabi/4.9.3/armv7e-m/crtbegin.o
 .bss           0x2000045c        0x4 ..\obj\stm32f4xx_hal.o
 .bss           0x20000460        0xc ..\obj\Time.o
                0x20000460                counter
                0x20000464                currentTime
 .bss           0x2000046c        0x1 ..\obj\Message.o
                0x2000046c                msg
 *(.bss*)
 *(COMMON)
                0x20000470                . = ALIGN (0x4)
 *fill*         0x2000046d        0x3 
                0x20000470                _ebss = .
                0x20000470                __bss_end__ = _ebss

._user_heap_stack
                0x20000470      0x600
                0x20000470                . = ALIGN (0x4)
                0x20000470                PROVIDE (end, .)
                0x20000470                PROVIDE (_end, .)
                0x20000670                . = (. + _Min_Heap_Size)
 *fill*         0x20000470      0x200 
                0x20000a70                . = (. + _Min_Stack_Size)
 *fill*         0x20000670      0x400 
                0x20000a70                . = ALIGN (0x4)

/DISCARD/
 libc.a(*)
 libm.a(*)
 libgcc.a(*)

.ARM.attributes
                0x00000000       0x2a
 *(.ARM.attributes)
 .ARM.attributes
                0x00000000       0x1e c:/program files/gnu tools arm embedded/4.9 2015q1/bin/../lib/gcc/arm-none-eabi/4.9.3/armv7e-m/crti.o
 .ARM.attributes
                0x0000001e       0x2e c:/program files/gnu tools arm embedded/4.9 2015q1/bin/../lib/gcc/arm-none-eabi/4.9.3/armv7e-m/crtbegin.o
 .ARM.attributes
                0x0000004c       0x21 ..\obj\assembly.o
 .ARM.attributes
                0x0000006d       0x33 ..\obj\ButtonSM.o
 .ARM.attributes
                0x000000a0       0x33 ..\obj\stm32f4xx_hal_cortex.o
 .ARM.attributes
                0x000000d3       0x33 ..\obj\Button.o
 .ARM.attributes
                0x00000106       0x33 ..\obj\system_stm32f4xx.o
 .ARM.attributes
                0x00000139       0x33 ..\obj\stm32f4xx_hal.o
 .ARM.attributes
                0x0000016c       0x33 ..\obj\Time.o
 .ARM.attributes
                0x0000019f       0x33 ..\obj\stm32f4xx_it.o
 .ARM.attributes
                0x000001d2       0x33 ..\obj\stm32f4xx_hal_gpio.o
 .ARM.attributes
                0x00000205       0x33 ..\obj\LedSM.o
 .ARM.attributes
                0x00000238       0x33 ..\obj\stm32f4xx_hal_rcc.o
 .ARM.attributes
                0x0000026b       0x21 ..\obj\startup_stm32f429xx.o
 .ARM.attributes
                0x0000028c       0x33 ..\obj\Message.o
 .ARM.attributes
                0x000002bf       0x33 ..\obj\main.o
 .ARM.attributes
                0x000002f2       0x1e c:/program files/gnu tools arm embedded/4.9 2015q1/bin/../lib/gcc/arm-none-eabi/4.9.3/armv7e-m/crtn.o
LOAD ..\obj\assembly.o
LOAD ..\obj\ButtonSM.o
LOAD ..\obj\stm32f4xx_hal_cortex.o
LOAD ..\obj\Button.o
LOAD ..\obj\system_stm32f4xx.o
LOAD ..\obj\stm32f4xx_hal.o
LOAD ..\obj\stm32f4xx_hal_tim.o
LOAD ..\obj\Time.o
LOAD ..\obj\stm32f4xx_it.o
LOAD ..\obj\stm32f4xx_hal_gpio.o
LOAD ..\obj\LedSM.o
LOAD ..\obj\stm32f4xx_hal_rcc.o
LOAD ..\obj\startup_stm32f429xx.o
LOAD ..\obj\Message.o
LOAD ..\obj\main.o
START GROUP
LOAD c:/program files/gnu tools arm embedded/4.9 2015q1/bin/../lib/gcc/arm-none-eabi/4.9.3/armv7e-m\libgcc.a
LOAD c:/program files/gnu tools arm embedded/4.9 2015q1/bin/../lib/gcc/arm-none-eabi/4.9.3/../../../../arm-none-eabi/lib/armv7e-m\libg.a
LOAD c:/program files/gnu tools arm embedded/4.9 2015q1/bin/../lib/gcc/arm-none-eabi/4.9.3/../../../../arm-none-eabi/lib/armv7e-m\libc.a
END GROUP
LOAD c:/program files/gnu tools arm embedded/4.9 2015q1/bin/../lib/gcc/arm-none-eabi/4.9.3/armv7e-m/crtend.o
LOAD c:/program files/gnu tools arm embedded/4.9 2015q1/bin/../lib/gcc/arm-none-eabi/4.9.3/armv7e-m/crtn.o
OUTPUT(Test01.elf elf32-littlearm)

.debug_line     0x00000000     0x2139
 .debug_line    0x00000000       0x8b ..\obj\assembly.o
 .debug_line    0x0000008b      0x1e8 ..\obj\ButtonSM.o
 .debug_line    0x00000273      0x35b ..\obj\stm32f4xx_hal_cortex.o
 .debug_line    0x000005ce      0x231 ..\obj\Button.o
 .debug_line    0x000007ff      0x1d9 ..\obj\system_stm32f4xx.o
 .debug_line    0x000009d8      0x36e ..\obj\stm32f4xx_hal.o
 .debug_line    0x00000d46      0x1b3 ..\obj\Time.o
 .debug_line    0x00000ef9      0x1cf ..\obj\stm32f4xx_it.o
 .debug_line    0x000010c8      0x465 ..\obj\stm32f4xx_hal_gpio.o
 .debug_line    0x0000152d      0x26c ..\obj\LedSM.o
 .debug_line    0x00001799      0x5ca ..\obj\stm32f4xx_hal_rcc.o
 .debug_line    0x00001d63       0xb7 ..\obj\startup_stm32f429xx.o
 .debug_line    0x00001e1a       0x7a ..\obj\Message.o
 .debug_line    0x00001e94      0x2a5 ..\obj\main.o

.debug_info     0x00000000     0x43f2
 .debug_info    0x00000000       0xc6 ..\obj\assembly.o
 .debug_info    0x000000c6      0x243 ..\obj\ButtonSM.o
 .debug_info    0x00000309      0xbac ..\obj\stm32f4xx_hal_cortex.o
 .debug_info    0x00000eb5      0x1e6 ..\obj\Button.o
 .debug_info    0x0000109b      0x4b4 ..\obj\system_stm32f4xx.o
 .debug_info    0x0000154f      0xa1c ..\obj\stm32f4xx_hal.o
 .debug_info    0x00001f6b      0x174 ..\obj\Time.o
 .debug_info    0x000020df      0x141 ..\obj\stm32f4xx_it.o
 .debug_info    0x00002220      0x712 ..\obj\stm32f4xx_hal_gpio.o
 .debug_info    0x00002932      0x264 ..\obj\LedSM.o
 .debug_info    0x00002b96      0xe27 ..\obj\stm32f4xx_hal_rcc.o
 .debug_info    0x000039bd       0xcd ..\obj\startup_stm32f429xx.o
 .debug_info    0x00003a8a       0x4b ..\obj\Message.o
 .debug_info    0x00003ad5      0x91d ..\obj\main.o

.debug_abbrev   0x00000000     0x10a7
 .debug_abbrev  0x00000000       0x14 ..\obj\assembly.o
 .debug_abbrev  0x00000014      0x128 ..\obj\ButtonSM.o
 .debug_abbrev  0x0000013c      0x299 ..\obj\stm32f4xx_hal_cortex.o
 .debug_abbrev  0x000003d5       0xeb ..\obj\Button.o
 .debug_abbrev  0x000004c0       0xff ..\obj\system_stm32f4xx.o
 .debug_abbrev  0x000005bf      0x1ff ..\obj\stm32f4xx_hal.o
 .debug_abbrev  0x000007be       0xed ..\obj\Time.o
 .debug_abbrev  0x000008ab       0x95 ..\obj\stm32f4xx_it.o
 .debug_abbrev  0x00000940      0x1aa ..\obj\stm32f4xx_hal_gpio.o
 .debug_abbrev  0x00000aea      0x128 ..\obj\LedSM.o
 .debug_abbrev  0x00000c12      0x25a ..\obj\stm32f4xx_hal_rcc.o
 .debug_abbrev  0x00000e6c       0x12 ..\obj\startup_stm32f429xx.o
 .debug_abbrev  0x00000e7e       0x42 ..\obj\Message.o
 .debug_abbrev  0x00000ec0      0x1e7 ..\obj\main.o

.debug_aranges  0x00000000      0x1c0
 .debug_aranges
                0x00000000       0x20 ..\obj\assembly.o
 .debug_aranges
                0x00000020       0x20 ..\obj\ButtonSM.o
 .debug_aranges
                0x00000040       0x20 ..\obj\stm32f4xx_hal_cortex.o
 .debug_aranges
                0x00000060       0x20 ..\obj\Button.o
 .debug_aranges
                0x00000080       0x20 ..\obj\system_stm32f4xx.o
 .debug_aranges
                0x000000a0       0x20 ..\obj\stm32f4xx_hal.o
 .debug_aranges
                0x000000c0       0x20 ..\obj\Time.o
 .debug_aranges
                0x000000e0       0x20 ..\obj\stm32f4xx_it.o
 .debug_aranges
                0x00000100       0x20 ..\obj\stm32f4xx_hal_gpio.o
 .debug_aranges
                0x00000120       0x20 ..\obj\LedSM.o
 .debug_aranges
                0x00000140       0x20 ..\obj\stm32f4xx_hal_rcc.o
 .debug_aranges
                0x00000160       0x28 ..\obj\startup_stm32f429xx.o
 .debug_aranges
                0x00000188       0x18 ..\obj\Message.o
 .debug_aranges
                0x000001a0       0x20 ..\obj\main.o

.debug_str      0x00000000     0x17a7
 .debug_str     0x00000000      0x24a ..\obj\ButtonSM.o
                                0x2a3 (size before relaxing)
 .debug_str     0x0000024a      0x8db ..\obj\stm32f4xx_hal_cortex.o
                                0xb63 (size before relaxing)
 .debug_str     0x00000b25       0x8a ..\obj\Button.o
                                0x253 (size before relaxing)
 .debug_str     0x00000baf      0x17a ..\obj\system_stm32f4xx.o
                                0x34e (size before relaxing)
 .debug_str     0x00000d29      0x309 ..\obj\stm32f4xx_hal.o
                                0xb28 (size before relaxing)
 .debug_str     0x00001032       0xa4 ..\obj\Time.o
                                0x222 (size before relaxing)
 .debug_str     0x000010d6       0xe2 ..\obj\stm32f4xx_it.o
                                0x203 (size before relaxing)
 .debug_str     0x000011b8      0x1bd ..\obj\stm32f4xx_hal_gpio.o
                                0x527 (size before relaxing)
 .debug_str     0x00001375       0x6a ..\obj\LedSM.o
                                0x2b8 (size before relaxing)
 .debug_str     0x000013df      0x307 ..\obj\stm32f4xx_hal_rcc.o
                                0x6e1 (size before relaxing)
 .debug_str     0x000016e6       0x4d ..\obj\Message.o
                                 0xd5 (size before relaxing)
 .debug_str     0x00001733       0x74 ..\obj\main.o
                                0x95a (size before relaxing)

.comment        0x00000000       0x70
 .comment       0x00000000       0x70 ..\obj\ButtonSM.o
                                 0x71 (size before relaxing)
 .comment       0x00000000       0x71 ..\obj\stm32f4xx_hal_cortex.o
 .comment       0x00000000       0x71 ..\obj\Button.o
 .comment       0x00000000       0x71 ..\obj\system_stm32f4xx.o
 .comment       0x00000000       0x71 ..\obj\stm32f4xx_hal.o
 .comment       0x00000000       0x71 ..\obj\Time.o
 .comment       0x00000000       0x71 ..\obj\stm32f4xx_it.o
 .comment       0x00000000       0x71 ..\obj\stm32f4xx_hal_gpio.o
 .comment       0x00000000       0x71 ..\obj\LedSM.o
 .comment       0x00000000       0x71 ..\obj\stm32f4xx_hal_rcc.o
 .comment       0x00000000       0x71 ..\obj\Message.o
 .comment       0x00000000       0x71 ..\obj\main.o

.debug_frame    0x00000000      0xe30
 .debug_frame   0x00000000       0x5c ..\obj\ButtonSM.o
 .debug_frame   0x0000005c      0x428 ..\obj\stm32f4xx_hal_cortex.o
 .debug_frame   0x00000484       0x34 ..\obj\Button.o
 .debug_frame   0x000004b8       0x58 ..\obj\system_stm32f4xx.o
 .debug_frame   0x00000510      0x310 ..\obj\stm32f4xx_hal.o
 .debug_frame   0x00000820       0x98 ..\obj\Time.o
 .debug_frame   0x000008b8      0x10c ..\obj\stm32f4xx_it.o
 .debug_frame   0x000009c4      0x14c ..\obj\stm32f4xx_hal_gpio.o
 .debug_frame   0x00000b10       0x5c ..\obj\LedSM.o
 .debug_frame   0x00000b6c      0x204 ..\obj\stm32f4xx_hal_rcc.o
 .debug_frame   0x00000d70       0xc0 ..\obj\main.o

.debug_ranges   0x00000000       0x20
 .debug_ranges  0x00000000       0x20 ..\obj\startup_stm32f429xx.o
